[2026-07-01 11:03:40 +0200] [24188] [INFO] Starting gunicorn 26.0.0
[2026-07-01 11:03:40 +0200] [24188] [INFO] Listening at: http://127.0.0.1:8000 (24188)
[2026-07-01 11:03:40 +0200] [24188] [INFO] Using worker: gthread
[2026-07-01 11:03:40 +0200] [24189] [INFO] Booting worker with pid: 24189
[2026-07-01 11:03:40 +0200] [24188] [INFO] Control socket listening at /run/user/1000/gunicorn.ctl
2a02:6ea0:c31f:5498::32 - - [01/Jul/2026:11:03:44 +0200] "GET /login HTTP/1.1" 200 1839 "-" "curl/8.18.0"
2a02:6ea0:c31f:5498::32 - - [01/Jul/2026:11:03:57 +0200] "GET /patient/34_AF_5A_57_41_BE HTTP/1.1" 200 51721 "https://las-beta-heated-morrison.trycloudflare.com/" "Mozilla/5.0 (X11; Linux x86_64; rv:152.0) Gecko/20100101 Firefox/152.0"
2a02:6ea0:c31f:5498::32 - - [01/Jul/2026:11:05:18 +0200] "GET / HTTP/1.1" 200 3870 "https://las-beta-heated-morrison.trycloudflare.com/patient/34_AF_5A_57_41_BE" "Mozilla/5.0 (X11; Linux x86_64; rv:152.0) Gecko/20100101 Firefox/152.0"
2a02:6ea0:c31f:5498::32 - - [01/Jul/2026:11:05:21 +0200] "GET /settings HTTP/1.1" 200 5542 "https://las-beta-heated-morrison.trycloudflare.com/" "Mozilla/5.0 (X11; Linux x86_64; rv:152.0) Gecko/20100101 Firefox/152.0"
2a02:6ea0:c31f:5498::32 - - [01/Jul/2026:11:07:37 +0200] "POST /settings/labels HTTP/1.1" 302 205 "https://las-beta-heated-morrison.trycloudflare.com/settings" "Mozilla/5.0 (X11; Linux x86_64; rv:152.0) Gecko/20100101 Firefox/152.0"
2a02:6ea0:c31f:5498::32 - - [01/Jul/2026:11:07:37 +0200] "GET /settings HTTP/1.1" 200 5589 "https://las-beta-heated-morrison.trycloudflare.com/settings" "Mozilla/5.0 (X11; Linux x86_64; rv:152.0) Gecko/20100101 Firefox/152.0"
2a02:6ea0:c31f:5498::32 - - [01/Jul/2026:11:07:49 +0200] "GET / HTTP/1.1" 200 3871 "https://las-beta-heated-morrison.trycloudflare.com/settings" "Mozilla/5.0 (X11; Linux x86_64; rv:152.0) Gecko/20100101 Firefox/152.0"
2a02:6ea0:c31f:5498::32 - - [01/Jul/2026:11:08:44 +0200] "GET /patient/34_AF_5A_57_41_BE HTTP/1.1" 200 51722 "https://las-beta-heated-morrison.trycloudflare.com/" "Mozilla/5.0 (X11; Linux x86_64; rv:152.0) Gecko/20100101 Firefox/152.0"
2a02:6ea0:c31f:5498::32 - - [01/Jul/2026:11:09:41 +0200] "GET /patient/34_AF_5A_57_41_BE/config HTTP/1.1" 200 3137 "https://las-beta-heated-morrison.trycloudflare.com/patient/34_AF_5A_57_41_BE" "Mozilla/5.0 (X11; Linux x86_64; rv:152.0) Gecko/20100101 Firefox/152.0"
2a02:6ea0:c31f:5498::32 - - [01/Jul/2026:11:09:59 +0200] "GET / HTTP/1.1" 200 3871 "https://las-beta-heated-morrison.trycloudflare.com/patient/34_AF_5A_57_41_BE/config" "Mozilla/5.0 (X11; Linux x86_64; rv:152.0) Gecko/20100101 Firefox/152.0"
2a02:6ea0:c31f:5498::32 - - [01/Jul/2026:11:10:01 +0200] "GET /settings HTTP/1.1" 200 5543 "https://las-beta-heated-morrison.trycloudflare.com/" "Mozilla/5.0 (X11; Linux x86_64; rv:152.0) Gecko/20100101 Firefox/152.0"
2a02:6ea0:c31f:5498::32 - - [01/Jul/2026:11:58:56 +0200] "GET / HTTP/1.1" 200 3871 "https://las-beta-heated-morrison.trycloudflare.com/settings" "Mozilla/5.0 (X11; Linux x86_64; rv:152.0) Gecko/20100101 Firefox/152.0"
2a02:6ea0:c31f:5498::32 - - [01/Jul/2026:12:13:44 +0200] "GET /patient/34_AF_5A_57_41_BE HTTP/1.1" 200 51722 "https://las-beta-heated-morrison.trycloudflare.com/" "Mozilla/5.0 (X11; Linux x86_64; rv:152.0) Gecko/20100101 Firefox/152.0"
2a02:6ea0:c31f:5498::32 - - [01/Jul/2026:12:13:47 +0200] "GET /patient/34_AF_5A_57_41_BE/config HTTP/1.1" 200 3137 "https://las-beta-heated-morrison.trycloudflare.com/patient/34_AF_5A_57_41_BE" "Mozilla/5.0 (X11; Linux x86_64; rv:152.0) Gecko/20100101 Firefox/152.0"
2a02:6ea0:c31f:5498::32 - - [01/Jul/2026:12:14:11 +0200] "GET /patient/34_AF_5A_57_41_BE HTTP/1.1" 200 51722 "https://las-beta-heated-morrison.trycloudflare.com/patient/34_AF_5A_57_41_BE/config" "Mozilla/5.0 (X11; Linux x86_64; rv:152.0) Gecko/20100101 Firefox/152.0"
2a02:6ea0:c31f:5498::32 - - [01/Jul/2026:12:14:22 +0200] "GET /patient/34_AF_5A_57_41_BE/config HTTP/1.1" 200 3137 "https://las-beta-heated-morrison.trycloudflare.com/patient/34_AF_5A_57_41_BE" "Mozilla/5.0 (X11; Linux x86_64; rv:152.0) Gecko/20100101 Firefox/152.0"
2a02:6ea0:c31f:5498::32 - - [01/Jul/2026:12:14:26 +0200] "GET /patient/34_AF_5A_57_41_BE HTTP/1.1" 200 51722 "https://las-beta-heated-morrison.trycloudflare.com/patient/34_AF_5A_57_41_BE/config" "Mozilla/5.0 (X11; Linux x86_64; rv:152.0) Gecko/20100101 Firefox/152.0"
2a02:6ea0:c31f:5498::32 - - [01/Jul/2026:12:14:33 +0200] "GET / HTTP/1.1" 200 3871 "https://las-beta-heated-morrison.trycloudflare.com/patient/34_AF_5A_57_41_BE" "Mozilla/5.0 (X11; Linux x86_64; rv:152.0) Gecko/20100101 Firefox/152.0"
2a02:6ea0:c31f:5498::32 - - [01/Jul/2026:12:14:34 +0200] "GET /settings HTTP/1.1" 200 5543 "https://las-beta-heated-morrison.trycloudflare.com/" "Mozilla/5.0 (X11; Linux x86_64; rv:152.0) Gecko/20100101 Firefox/152.0"
2a02:6ea0:c31f:5498::32 - - [01/Jul/2026:12:15:48 +0200] "GET / HTTP/1.1" 200 3871 "https://las-beta-heated-morrison.trycloudflare.com/settings" "Mozilla/5.0 (X11; Linux x86_64; rv:152.0) Gecko/20100101 Firefox/152.0"
2a02:6ea0:c31f:5498::32 - - [01/Jul/2026:12:15:50 +0200] "GET /patient/34_AF_5A_57_41_BE HTTP/1.1" 200 51722 "https://las-beta-heated-morrison.trycloudflare.com/" "Mozilla/5.0 (X11; Linux x86_64; rv:152.0) Gecko/20100101 Firefox/152.0"
2a02:6ea0:c31f:5498::32 - - [01/Jul/2026:12:16:03 +0200] "GET /patient/34_AF_5A_57_41_BE/config HTTP/1.1" 200 3137 "https://las-beta-heated-morrison.trycloudflare.com/patient/34_AF_5A_57_41_BE" "Mozilla/5.0 (X11; Linux x86_64; rv:152.0) Gecko/20100101 Firefox/152.0"
2a02:6ea0:c31f:5498::32 - - [01/Jul/2026:12:16:05 +0200] "GET /patient/34_AF_5A_57_41_BE HTTP/1.1" 200 51722 "https://las-beta-heated-morrison.trycloudflare.com/patient/34_AF_5A_57_41_BE/config" "Mozilla/5.0 (X11; Linux x86_64; rv:152.0) Gecko/20100101 Firefox/152.0"
2a02:6ea0:c31f:5498::32 - - [01/Jul/2026:12:16:07 +0200] "GET / HTTP/1.1" 200 3871 "https://las-beta-heated-morrison.trycloudflare.com/patient/34_AF_5A_57_41_BE" "Mozilla/5.0 (X11; Linux x86_64; rv:152.0) Gecko/20100101 Firefox/152.0"
2a02:6ea0:c31f:5498::32 - - [01/Jul/2026:12:16:09 +0200] "GET /settings HTTP/1.1" 200 5543 "https://las-beta-heated-morrison.trycloudflare.com/" "Mozilla/5.0 (X11; Linux x86_64; rv:152.0) Gecko/20100101 Firefox/152.0"
2a02:6ea0:c31f:5498::32 - - [01/Jul/2026:12:23:58 +0200] "GET / HTTP/1.1" 200 3871 "https://las-beta-heated-morrison.trycloudflare.com/settings" "Mozilla/5.0 (X11; Linux x86_64; rv:152.0) Gecko/20100101 Firefox/152.0"
2a02:6ea0:c31f:5498::32 - - [01/Jul/2026:12:23:59 +0200] "GET /patient/34_AF_5A_57_41_BE HTTP/1.1" 200 51722 "https://las-beta-heated-morrison.trycloudflare.com/" "Mozilla/5.0 (X11; Linux x86_64; rv:152.0) Gecko/20100101 Firefox/152.0"
