2026-07-01T07:45:24Z INF Thank you for trying Cloudflare Tunnel. Doing so, without a Cloudflare account, is a quick way to experiment and try it out. However, be aware that these account-less Tunnels have no uptime guarantee, are subject to the Cloudflare Online Services Terms of Use (https://www.cloudflare.com/website-terms/), and Cloudflare reserves the right to investigate your use of Tunnels for violations of such terms. If you intend to use Tunnels in production you should use a pre-created named tunnel by following: https://developers.cloudflare.com/cloudflare-one/connections/connect-apps
2026-07-01T07:45:24Z INF Requesting new quick Tunnel on trycloudflare.com...
2026-07-01T07:45:30Z INF +--------------------------------------------------------------------------------------------+
2026-07-01T07:45:30Z INF |  Your quick Tunnel has been created! Visit it at (it may take some time to be reachable):  |
2026-07-01T07:45:30Z INF |  https://las-beta-heated-morrison.trycloudflare.com                                        |
2026-07-01T07:45:30Z INF +--------------------------------------------------------------------------------------------+
2026-07-01T07:45:30Z INF Cannot determine default configuration path. No file [config.yml config.yaml] in [~/.cloudflared ~/.cloudflare-warp ~/cloudflare-warp /etc/cloudflared /usr/local/etc/cloudflared]
2026-07-01T07:45:30Z INF Version 2026.6.1 (Checksum 5861a10a438fe8ddcfebb3b830f83966cbf193edafce0fe2eeb198fbae1f7a22)
2026-07-01T07:45:30Z INF GOOS: linux, GOVersion: go1.26.4, GoArch: amd64
2026-07-01T07:45:30Z INF Settings: map[ha-connections:1 protocol:quic url:http://127.0.0.1:8000]
2026-07-01T07:45:30Z INF Autoupdate frequency is set autoupdateFreq=86400000
2026-07-01T07:45:30Z INF Generated Connector ID: 56b1103a-3c37-4247-9a60-4758eb6ee3b3
2026-07-01T07:45:30Z INF Initial protocol quic
2026-07-01T07:45:30Z INF ICMP proxy will use 10.2.0.2 as source for IPv4
2026-07-01T07:45:30Z INF ICMP proxy will use 2a07:b944::2:2 in zone proton0 as source for IPv6
2026-07-01T07:45:30Z INF ICMP proxy will use 10.2.0.2 as source for IPv4
2026-07-01T07:45:30Z INF ICMP proxy will use 2a07:b944::2:2 in zone proton0 as source for IPv6
2026-07-01T07:45:30Z INF Starting metrics server on 127.0.0.1:20241/metrics
2026-07-01T07:45:30Z INF Tunnel connection curve preferences: [X25519MLKEM768 CurveID(65074) CurveP256] connIndex=0 event=0 ip=2606:4700:a0::4
2026-07-01T07:45:30Z INF Registered tunnel connection connIndex=0 connection=ad9b15da-2836-4182-98d7-5655993981d1 event=0 ip=2606:4700:a0::4 location=mad06 protocol=quic
2026-07-01T07:45:30Z INF +-------------------------------------------------------------------------------------+
2026-07-01T07:45:30Z INF |                               CONNECTIVITY PRE-CHECKS                               |
2026-07-01T07:45:30Z INF +-------------------------------------------------------------------------------------+
2026-07-01T07:45:30Z INF |  COMPONENT         TARGET                     STATUS  DETAILS                       |
2026-07-01T07:45:30Z INF |  DNS Resolution    region1.v2.argotunnel.com  PASS    DNS Resolved successfully     |
2026-07-01T07:45:30Z INF |  DNS Resolution    region2.v2.argotunnel.com  PASS    DNS Resolved successfully     |
2026-07-01T07:45:30Z INF |  UDP Connectivity  region1.v2.argotunnel.com  PASS    QUIC connection successful    |
2026-07-01T07:45:30Z INF |  UDP Connectivity  region2.v2.argotunnel.com  PASS    QUIC connection successful    |
2026-07-01T07:45:30Z INF |  TCP Connectivity  region1.v2.argotunnel.com  PASS    HTTP/2 connection successful  |
2026-07-01T07:45:30Z INF |  TCP Connectivity  region2.v2.argotunnel.com  PASS    HTTP/2 connection successful  |
2026-07-01T07:45:30Z INF |  Cloudflare API    api.cloudflare.com:443     PASS    API is reachable              |
2026-07-01T07:45:30Z INF |                                                                                     |
2026-07-01T07:45:30Z INF |  SUMMARY: Environment is healthy. cloudflared will use 'quic' as primary protocol.  |
2026-07-01T07:45:30Z INF +-------------------------------------------------------------------------------------+
2026-07-01T07:45:30Z INF precheck component="DNS Resolution" details="DNS Resolved successfully" run_id=f238c6a0-2479-4427-9f52-699a7c0c43e2 status=pass target=region1.v2.argotunnel.com
2026-07-01T07:45:30Z INF precheck component="DNS Resolution" details="DNS Resolved successfully" run_id=f238c6a0-2479-4427-9f52-699a7c0c43e2 status=pass target=region2.v2.argotunnel.com
2026-07-01T07:45:30Z INF precheck component="UDP Connectivity" details="QUIC connection successful" run_id=f238c6a0-2479-4427-9f52-699a7c0c43e2 status=pass target=region1.v2.argotunnel.com
2026-07-01T07:45:30Z INF precheck component="UDP Connectivity" details="QUIC connection successful" run_id=f238c6a0-2479-4427-9f52-699a7c0c43e2 status=pass target=region2.v2.argotunnel.com
2026-07-01T07:45:30Z INF precheck component="TCP Connectivity" details="HTTP/2 connection successful" run_id=f238c6a0-2479-4427-9f52-699a7c0c43e2 status=pass target=region1.v2.argotunnel.com
2026-07-01T07:45:30Z INF precheck component="TCP Connectivity" details="HTTP/2 connection successful" run_id=f238c6a0-2479-4427-9f52-699a7c0c43e2 status=pass target=region2.v2.argotunnel.com
2026-07-01T07:45:30Z INF precheck component="Cloudflare API" details="API is reachable" run_id=f238c6a0-2479-4427-9f52-699a7c0c43e2 status=pass target=api.cloudflare.com:443
2026-07-01T07:45:30Z INF precheck complete hard_fail=false run_id=f238c6a0-2479-4427-9f52-699a7c0c43e2 suggested_protocol=quic
2026-07-01T07:45:36Z ERR failed to accept incoming stream requests error="failed to accept QUIC stream: timeout: no recent network activity" connIndex=0 event=0 ip=2606:4700:a0::4
2026-07-01T07:45:36Z ERR failed to run the datagram handler error="timeout: no recent network activity" connIndex=0 event=0 ip=2606:4700:a0::4
2026-07-01T07:45:36Z WRN failed to serve tunnel connection error="accept stream listener encountered a failure while serving" connIndex=0 event=0 ip=2606:4700:a0::4
2026-07-01T07:45:36Z ERR Serve tunnel error error="accept stream listener encountered a failure while serving" connIndex=0 event=0 ip=2606:4700:a0::4
2026-07-01T07:45:36Z INF Retrying connection in up to 1s connIndex=0 event=0 ip=2606:4700:a0::4
2026-07-01T07:45:38Z INF Tunnel connection curve preferences: [X25519MLKEM768 CurveID(65074) CurveP256] connIndex=0 event=0 ip=2606:4700:a0::4
2026-07-01T07:45:38Z INF Registered tunnel connection connIndex=0 connection=7fe2bd80-0f70-4e65-a6e2-89f7b4865acb event=0 ip=2606:4700:a0::4 location=mad01 protocol=quic
2026-07-01T07:59:41Z ERR failed to run the datagram handler error="write udp [::]:53699->[2606:4700:a0::4]:7844: sendmsg: network is unreachable" connIndex=0 event=0 ip=2606:4700:a0::4
2026-07-01T07:59:41Z ERR failed to accept incoming stream requests error="failed to accept QUIC stream: write udp [::]:53699->[2606:4700:a0::4]:7844: sendmsg: network is unreachable" connIndex=0 event=0 ip=2606:4700:a0::4
2026-07-01T07:59:41Z ERR failed to serve tunnel connection error="datagram manager encountered a failure while serving" connIndex=0 event=0 ip=2606:4700:a0::4
2026-07-01T07:59:41Z ERR Serve tunnel error error="datagram manager encountered a failure while serving" connIndex=0 event=0 ip=2606:4700:a0::4
2026-07-01T07:59:41Z INF Retrying connection in up to 1s connIndex=0 event=0 ip=2606:4700:a0::4
2026-07-01T07:59:41Z INF Tunnel connection curve preferences: [X25519MLKEM768 CurveID(65074) CurveP256] connIndex=0 event=0 ip=2606:4700:a0::4
2026-07-01T07:59:41Z ERR Failed to dial a quic connection error="failed to dial to edge with quic: write udp [::]:53699->[2606:4700:a0::4]:7844: sendmsg: network is unreachable" connIndex=0 event=0 ip=2606:4700:a0::4
2026-07-01T07:59:41Z INF Retrying connection in up to 4s connIndex=0 event=0 ip=2606:4700:a0::4
2026-07-01T07:59:42Z INF Tunnel connection curve preferences: [X25519MLKEM768 CurveID(65074) CurveP256] connIndex=0 event=0 ip=198.41.192.227
2026-07-01T07:59:42Z INF Registered tunnel connection connIndex=0 connection=9d5810eb-ba5a-4187-bd1f-43f306d9271b event=0 ip=198.41.192.227 location=lis01 protocol=quic
2026-07-01T08:07:11Z ERR  error="Unable to reach the origin service. The service may be down or it may not be responding to traffic from cloudflared: dial tcp 127.0.0.1:8000: connect: connection refused" connIndex=0 event=1 ingressRule=0 originService=http://127.0.0.1:8000
2026-07-01T08:07:11Z ERR Request failed error="Unable to reach the origin service. The service may be down or it may not be responding to traffic from cloudflared: dial tcp 127.0.0.1:8000: connect: connection refused" connIndex=0 dest=https://las-beta-heated-morrison.trycloudflare.com/login event=0 ip=198.41.192.227 type=http
